Toolchain path: /home/moore/.espressif/tools/xtensa-esp32-elf/esp-2020r2-8.2.0/xtensa-esp32-elf/bin/xtensa-esp32-elf-gcc
Toolchain version: esp-2020r2
Compiler version: 8.2.0
Python requirements from /home/moore/esp/esp-idf.v4.1/requirements.txt are satisfied.
MONITOR
ets Jun  8 2016 00:22:57

rst:0x1 (POWERON_RESET),boot:0x13 (SPI_FAST_FLASH_BOOT)
ets Jun  8 2016 00:22:57

rst:0x10 (RTCWDT_RTC_RESET),boot:0x13 (SPI_FAST_FLASH_BOOT)
configsip: 0, SPIWP:0xee
clk_drv:0x00,q_drv:0x00,d_drv:0x00,cs0_drv:0x00,hd_drv:0x00,wp_drv:0x00
mode:DIO, clock div:2
load:0x3fff0030,len:4
load:0x3fff0034,len:6952
load:0x40078000,len:13720
load:0x40080400,len:3880
entry 0x40080680
[0;32mI (29) boot: ESP-IDF v4.1-dirty 2nd stage bootloader[0m
[0;32mI (29) boot: compile time 09:59:15[0m
[0;32mI (29) boot: chip revision: 0[0m
[0;32mI (32) boot.esp32: SPI Speed      : 40MHz[0m
[0;32mI (37) boot.esp32: SPI Mode       : DIO[0m
[0;32mI (42) boot.esp32: SPI Flash Size : 4MB[0m
[0;32mI (46) boot: Enabling RNG early entropy source...[0m
[0;32mI (51) boot: Partition Table:[0m
[0;32mI (55) boot: ## Label            Usage          Type ST Offset   Length[0m
[0;32mI (62) boot:  0 nvs              WiFi data        01 02 00009000 00006000[0m
[0;32mI (70) boot:  1 phy_init         RF data          01 01 0000f000 00001000[0m
[0;32mI (77) boot:  2 factory          factory app      00 00 00010000 00100000[0m
[0;32mI (85) boot: End of partition table[0m
[0;32mI (89) esp_image: segment 0: paddr=0x00010020 vaddr=0x3f400020 size=0x17b38 ( 97080) map[0m
[0;32mI (135) esp_image: segment 1: paddr=0x00027b60 vaddr=0x3ffb0000 size=0x038e4 ( 14564) load[0m
[0;32mI (141) esp_image: segment 2: paddr=0x0002b44c vaddr=0x40080000 size=0x00400 (  1024) load[0m
[0;32mI (142) esp_image: segment 3: paddr=0x0002b854 vaddr=0x40080400 size=0x047c4 ( 18372) load[0m
[0;32mI (158) esp_image: segment 4: paddr=0x00030020 vaddr=0x400d0020 size=0x6fbec (457708) map[0m
[0;32mI (332) esp_image: segment 5: paddr=0x0009fc14 vaddr=0x40084bc4 size=0x1075c ( 67420) load[0m
[0;32mI (373) boot: Loaded app from partition at offset 0x10000[0m
[0;32mI (373) boot: Disabling RNG early entropy source...[0m
[0;32mI (373) cpu_start: Pro cpu up.[0m
[0;32mI (377) cpu_start: Application information:[0m
[0;32mI (382) cpu_start: Project name:     wifi_softAP[0m
[0;32mI (387) cpu_start: App version:      73331f0[0m
[0;32mI (392) cpu_start: Compile time:     Dec 18 2020 09:59:25[0m
[0;32mI (398) cpu_start: ELF file SHA256:  8e7f14a2ac178486...[0m
[0;32mI (404) cpu_start: ESP-IDF:          v4.1-dirty[0m
[0;32mI (409) cpu_start: Starting app cpu, entry point is 0x400811c8[0m
[0;32mI (0) cpu_start: App cpu up.[0m
[0;32mI (420) heap_init: Initializing. RAM available for dynamic allocation:[0m
[0;32mI (426) heap_init: At 3FFAE6E0 len 00001920 (6 KiB): DRAM[0m
[0;32mI (433) heap_init: At 3FFB91B0 len 00026E50 (155 KiB): DRAM[0m
[0;32mI (439) heap_init: At 3FFE0440 len 00003AE0 (14 KiB): D/IRAM[0m
[0;32mI (445) heap_init: At 3FFE4350 len 0001BCB0 (111 KiB): D/IRAM[0m
[0;32mI (452) heap_init: At 40095320 len 0000ACE0 (43 KiB): IRAM[0m
[0;32mI (458) cpu_start: Pro cpu start user code[0m
[0;32mI (476) spi_flash: detected chip: gd[0m
[0;32mI (477) spi_flash: flash io: dio[0m
[0;32mI (477) cpu_start: Starting scheduler on PRO CPU.[0m
[0;32mI (0) cpu_start: Starting scheduler on APP CPU.[0m
[0;32mI (563) wifi softAP: ESP_WIFI_MODE_AP[0m
I (573) wifi:wifi driver task: 3ffc1a24, prio:23, stack:6656, core=0
[0;32mI (573) system_api: Base MAC address is not set, read default base MAC address from BLK0 of EFUSE[0m
[0;32mI (573) system_api: Base MAC address is not set, read default base MAC address from BLK0 of EFUSE[0m
I (603) wifi:wifi firmware version: 3ea4c76
I (603) wifi:config NVS flash: enabled
I (603) wifi:config nano formating: disabled
I (603) wifi:Init dynamic tx buffer num: 32
I (603) wifi:Init data frame dynamic rx buffer num: 32
I (613) wifi:Init management frame dynamic rx buffer num: 32
I (613) wifi:Init management short buffer num: 32
I (623) wifi:Init static rx buffer size: 1600
I (623) wifi:Init static rx buffer num: 10
I (633) wifi:Init dynamic rx buffer num: 32
[0;32mI (733) phy: phy_version: 4180, cb3948e, Sep 12 2019, 16:39:13, 0, 0[0m
I (733) wifi:mode : softAP (24:0a:c4:02:0b:59)
I (733) wifi:Total power save buffer number: 16
I (733) wifi:Init max length of beacon: 752/752
I (743) wifi:Init max length of beacon: 752/752
[0;32mI (743) wifi softAP: wifi_init_softap finished. SSID:TestSSID password: channel:1[0m
[0;32mI (753) wifi softAP: (UNKNOWN) station event_id=12[0m
[0;32mI (763) wifi softAP: WIFI Listing:[0m
[0;32mI (763) wifi softAP: WIFI Listing:[0m
[0;32mI (10763) wifi softAP: WIFI Listing:[0m
I (10963) wifi:new:<1,1>, old:<1,1>, ap:<1,1>, sta:<255,255>, prof:1
I (10963) wifi:station: 00:0f:00:e1:d4:8f join, AID=1, bgn, 40U
[0;32mI (10963) wifi softAP: station 00:0f:00:e1:d4:8f join, AID=1[0m
[0;32mI (10973) wifi softAP: WIFI Listing:[0m
[0;32mI (10973) wifi softAP:     [0]: 000F00E1D48F 0.0.0.0[0m
[0;32mI (13863) esp_netif_lwip: DHCP server assigned IP to a station, IP is: 192.168.4.2[0m
[0;32mI (20763) wifi softAP: WIFI Listing:[0m
[0;32mI (20763) wifi softAP:     [0]: 000F00E1D48F 192.168.4.2[0m
[0;32mI (30763) wifi softAP: WIFI Listing:[0m
[0;32mI (30763) wifi softAP:     [0]: 000F00E1D48F 192.168.4.2[0m
